// Jest Snapshot v1, https://goo.gl/fbAQLP

exports[`renders correctly 1`] = `
.c7 {
  color: #242C33;
  font-size: 16px;
  text-align: left;
  font-weight: bold;
  line-height: 1.25;
  margin-bottom: 8px;
  display: block;
  position: relative;
  cursor: pointer;
}

.c8 {
  background: #F7F9FA;
  color: #525D66;
  border-radius: 4px;
  font-size: 14px;
  font-weight: bold;
  padding: 3px 4px;
  z-index: 1;
  margin-right: 8px;
}

.c9 {
  color: #F34E46;
  padding: 0 5px;
  font-weight: normal;
}

.c10 {
  cursor: pointer;
  color: inherit;
  -webkit-text-decoration: none !important;
  text-decoration: none !important;
}

.c1 {
  display: -webkit-box;
  display: -webkit-flex;
  display: -ms-flexbox;
  display: flex;
  -webkit-flex-direction: row;
  -ms-flex-direction: row;
  flex-direction: row;
  -webkit-box-pack: center;
  -webkit-justify-content: center;
  -ms-flex-pack: center;
  justify-content: center;
  -webkit-align-items: center;
  -webkit-box-align: center;
  -ms-flex-align: center;
  align-items: center;
}

.c2 {
  position: relative;
  padding: 10px 0;
  display: -webkit-box;
  display: -webkit-flex;
  display: -ms-flexbox;
  display: flex;
  -webkit-align-items: center;
  -webkit-box-align: center;
  -ms-flex-align: center;
  align-items: center;
  -webkit-box-pack: center;
  -webkit-justify-content: center;
  -ms-flex-pack: center;
  justify-content: center;
  -webkit-flex-basis: 160px;
  -ms-flex-preferred-size: 160px;
  flex-basis: 160px;
}

.c3 {
  background: #F7F9FA;
  color: #525D66;
  border-radius: 4px;
  font-size: 14px;
  font-weight: bold;
  padding: 3px 4px;
  z-index: 1;
  display: none;
  position: absolute;
  top: 15px;
  right: 5px;
}

.c4 {
  width: 100%;
  -webkit-transition: opacity ease 0.5s;
  transition: opacity ease 0.5s;
  opacity: 1;
  border-radius: 4px;
  box-shadow: 0 1px 2px rgba(17,22,26,0.1),0 2px 4px rgba(17,22,26,0.1);
}

.c5 {
  -webkit-flex-shrink: 0;
  -ms-flex-negative: 0;
  flex-shrink: 0;
  color: #828D96;
  margin: 20px 2.5%;
}

.c0 {
  max-width: 1024px;
}

.c6 {
  margin: 20px 5px;
  line-height: 1.5;
  display: -webkit-box;
  display: -webkit-flex;
  display: -ms-flexbox;
  display: flex;
  -webkit-flex-direction: column;
  -ms-flex-direction: column;
  flex-direction: column;
  -webkit-box-pack: center;
  -webkit-justify-content: center;
  -ms-flex-pack: center;
  justify-content: center;
}

.c13 {
  color: #828D96;
  padding: 0 5px;
  font-size: 14px;
}

.c11 {
  position: relative;
  display: -webkit-box;
  display: -webkit-flex;
  display: -ms-flexbox;
  display: flex;
  width: 100%;
  padding: 10px 0;
}

.c11 .c12 {
  color: #D93531;
  font-weight: bold;
  font-size: 24px;
  margin-right: 24px;
}

.c14 {
  background: #1975F1;
  font-family: inherit;
  color: white;
  font-size: 14px;
  padding: 10px 15px;
  font-weight: bold;
  border-radius: 5px;
  border: none;
  cursor: pointer;
}

.c14:disabled {
  background: #D2DADF;
}

@media screen and (min-width:768px) {
  .c3 {
    display: block;
  }
}

@media screen and (min-width:768px) {
  .c0 {
    padding: 20px 0;
    display: -webkit-box;
    display: -webkit-flex;
    display: -ms-flexbox;
    display: flex;
    -webkit-box-pack: space-evenly;
    -webkit-justify-content: space-evenly;
    -ms-flex-pack: space-evenly;
    justify-content: space-evenly;
  }
}

@media screen and (min-width:768px) {
  .c6 {
    -webkit-flex-shrink: 0;
    -ms-flex-negative: 0;
    flex-shrink: 0;
    max-width: 50%;
    margin: 10px 0px 10px 20px;
  }
}

<section
  className="c0 recommended-products"
>
  <div
    className="c1"
  >
    <div
      className="c2"
    >
      <span
        className="c3"
      >
        This Item
      </span>
      <img
        className="c4"
        src="https://placehold.it/160x160"
      />
    </div>
    <svg
      className="c5"
      fill="currentColor"
      height={16}
      width={16}
    >
      <path
        clipRule="evenodd"
        d="M13 7H9V3c0-.55-.45-1-1-1s-1 .45-1 1v4H3c-.55 0-1 .45-1 1s.45 1 1 1h4v4c0 .55.45 1 1 1s1-.45 1-1V9h4c.55 0 1-.45 1-1s-.45-1-1-1z"
        fillRule="evenodd"
      />
    </svg>
    <div
      className="c2"
    >
      <a
        href="/Store/Tools/Magnetic-Project-Mat/IF145-167"
      >
        <img
          className="c4"
          src="https://placehold.it/160x160"
        />
      </a>
    </div>
    <svg
      className="c5"
      fill="currentColor"
      height={16}
      width={16}
    >
      <path
        clipRule="evenodd"
        d="M13 7H9V3c0-.55-.45-1-1-1s-1 .45-1 1v4H3c-.55 0-1 .45-1 1s.45 1 1 1h4v4c0 .55.45 1 1 1s1-.45 1-1V9h4c.55 0 1-.45 1-1s-.45-1-1-1z"
        fillRule="evenodd"
      />
    </svg>
    <div
      className="c2"
    >
      <a
        href="/Store/Tools/Mahi-Driver-Kit--48-Bit-Driver-Kit/IF145-391"
      >
        <img
          className="c4"
          src="https://placehold.it/160x160"
        />
      </a>
    </div>
  </div>
  <section
    className="c6"
  >
    <span
      className="c7"
    >
      <label
        className="css-1jorkc5"
        onMouseEnter={[Function]}
        onMouseLeave={[Function]}
      >
        <input
          checked={true}
          className="css-9g2nie"
          disabled={false}
          onBlur={[Function]}
          onChange={[Function]}
          onFocus={[Function]}
          onInvalid={[Function]}
          type="checkbox"
          value="on"
        />
        <span
          className="css-69tn4w"
          dangerouslySetInnerHTML={
            Object {
              "__html": "<svg xmlns=\\"http://www.w3.org/2000/svg\\" width=\\"100%\\" height=\\"100%\\" viewBox=\\"0 0 24 24\\" fill=\\"none\\" stroke=\\"currentColor\\" stroke-width=\\"inherit\\" stroke-linecap=\\"round\\" stroke-linejoin=\\"round\\" class=\\"feather feather-check\\"><polyline points=\\"20 6 9 17 4 12\\"></polyline></svg>",
            }
          }
        />
        <span
          className="css-2c2um8"
        >
          <span
            className="c8"
          >
            This Item
          </span>
          <span>
            Pro Tech Toolkit
          </span>
          <span
            className="c9"
          >
            $
            59.99
          </span>
        </span>
      </label>
    </span>
    <span
      className="c7"
    >
      <label
        className="css-1jorkc5"
        onMouseEnter={[Function]}
        onMouseLeave={[Function]}
      >
        <input
          checked={true}
          className="css-9g2nie"
          disabled={false}
          onBlur={[Function]}
          onChange={[Function]}
          onFocus={[Function]}
          onInvalid={[Function]}
          type="checkbox"
          value="on"
        />
        <span
          className="css-69tn4w"
          dangerouslySetInnerHTML={
            Object {
              "__html": "<svg xmlns=\\"http://www.w3.org/2000/svg\\" width=\\"100%\\" height=\\"100%\\" viewBox=\\"0 0 24 24\\" fill=\\"none\\" stroke=\\"currentColor\\" stroke-width=\\"inherit\\" stroke-linecap=\\"round\\" stroke-linejoin=\\"round\\" class=\\"feather feather-check\\"><polyline points=\\"20 6 9 17 4 12\\"></polyline></svg>",
            }
          }
        />
        <span
          className="css-2c2um8"
        >
          <a
            className="c10"
            href="/Store/Tools/Magnetic-Project-Mat/IF145-167"
          >
            Magnetic Project Mat
          </a>
          <span
            className="c9"
          >
            $
            19.99
          </span>
        </span>
      </label>
    </span>
    <span
      className="c7"
    >
      <label
        className="css-1jorkc5"
        onMouseEnter={[Function]}
        onMouseLeave={[Function]}
      >
        <input
          checked={true}
          className="css-9g2nie"
          disabled={false}
          onBlur={[Function]}
          onChange={[Function]}
          onFocus={[Function]}
          onInvalid={[Function]}
          type="checkbox"
          value="on"
        />
        <span
          className="css-69tn4w"
          dangerouslySetInnerHTML={
            Object {
              "__html": "<svg xmlns=\\"http://www.w3.org/2000/svg\\" width=\\"100%\\" height=\\"100%\\" viewBox=\\"0 0 24 24\\" fill=\\"none\\" stroke=\\"currentColor\\" stroke-width=\\"inherit\\" stroke-linecap=\\"round\\" stroke-linejoin=\\"round\\" class=\\"feather feather-check\\"><polyline points=\\"20 6 9 17 4 12\\"></polyline></svg>",
            }
          }
        />
        <span
          className="css-2c2um8"
        >
          <a
            className="c10"
            href="/Store/Tools/Mahi-Driver-Kit--48-Bit-Driver-Kit/IF145-391"
          >
            Mahi Driver Kit - 48bit Driver Kit
          </a>
          <span
            className="c9"
          >
            $
            29.99
          </span>
        </span>
      </label>
    </span>
    <div
      className="c11"
    >
      <span
        className="c12 c13 total"
      >
        $
        109.97
      </span>
      <button
        className="c14"
        disabled={false}
        onClick={[Function]}
      >
        Add to cart
      </button>
    </div>
  </section>
</section>
`;
