// Jest Snapshot v1, https://goo.gl/fbAQLP

exports[`renders correctly 1`] = `
.c7 {
  display: -webkit-box;
  display: -webkit-flex;
  display: -ms-flexbox;
  display: flex;
  -webkit-align-items: center;
  -webkit-box-align: center;
  -ms-flex-align: center;
  align-items: center;
  margin: 8px 0;
}

.c9 {
  -webkit-flex: 1;
  -ms-flex: 1;
  flex: 1;
  position: relative;
  height: 8px;
  max-width: 120px;
  margin: 0 8px;
  border-radius: 8px;
  overflow: hidden;
  background: #E3E8EC;
}

.c10 {
  position: absolute;
  height: 100%;
  left: 0;
  width: NaN%;
  background: #0B77E9;
  border-radius: 8px;
}

.c8 {
  font-size: 13px;
  font-weight: normal;
  min-width: 32px;
  text-align: left;
  margin: 0;
}

.c11 {
  margin-top: 24px;
}

.c1 {
  margin-right: 18px;
  min-width: 208px;
  background: #f7f9fa;
  padding: 32px 24px 24px;
  border-radius: 4px;
}

.c3 {
  margin: 0 8px;
  font-size: 48px;
  font-weight: 700;
  line-height: 0;
  color: #000000;
}

.c4 {
  font-weight: normal;
  font-size: 30px;
  color: #788188;
}

.c5 {
  margin-bottom: 4px;
}

.c6 {
  margin: 0 0 12px 0;
  font-weight: normal;
  font-size: 14px;
  color: #424446;
}

.c0 {
  display: -webkit-box;
  display: -webkit-flex;
  display: -ms-flexbox;
  display: flex;
  -webkit-box-pack: justify;
  -webkit-justify-content: space-between;
  -ms-flex-pack: justify;
  justify-content: space-between;
  -webkit-align-items: flex-start;
  -webkit-box-align: flex-start;
  -ms-flex-align: flex-start;
  align-items: flex-start;
}

.c12 {
  -webkit-flex: 1;
  -ms-flex: 1;
  flex: 1;
  margin-left: 18px;
  display: -webkit-box;
  display: -webkit-flex;
  display: -ms-flexbox;
  display: flex;
  -webkit-box-packjustify-conent: center;
  -webkit-justify-conent: center;
  -ms-flex-packjustify-conent: center;
  justify-conent: center;
  -webkit-align-items: center;
  -webkit-box-align: center;
  -ms-flex-align: center;
  align-items: center;
  padding-left: 24px;
  min-height: 70px;
}

@media screen and (max-width:650px) {
  .c7 {
    -webkit-box-pack: justify;
    -webkit-justify-content: space-between;
    -ms-flex-pack: justify;
    justify-content: space-between;
  }
}

@media screen and (max-width:650px) {
  .c9 {
    max-width: none;
  }
}

@media screen and (max-width:650px) {
  .c1 {
    margin-right: 0px;
    width: 100%;
  }
}

@media screen and (max-width:650px) {
  .c2 {
    display: -webkit-box;
    display: -webkit-flex;
    display: -ms-flexbox;
    display: flex;
    -webkit-flex-direction: column;
    -ms-flex-direction: column;
    flex-direction: column;
    -webkit-align-items: center;
    -webkit-box-align: center;
    -ms-flex-align: center;
    align-items: center;
  }
}

@media screen and (max-width:650px) {
  .c0 {
    display: block;
    margin: auto;
  }
}

@media screen and (max-width:650px) {
  .c12 {
    padding-left: 0;
    margin-left: 0;
  }
}

<div
  className="c0"
  id="productReviews"
>
  <div
    className="c1"
  >
    0
    <div
      className="c2"
    >
      <div>
        <span
          className="c3"
        >
          0
        </span>
        <span
          className="c4"
        >
          / 5
        </span>
      </div>
      <div
        className="c5"
      >
        <div
          className="star-ratings"
          style={
            Object {
              "boxSizing": "border-box",
              "display": "inline-block",
              "position": "relative",
            }
          }
          title="0 Stars"
        >
          <svg
            className="star-grad"
            style={
              Object {
                "height": "0",
                "position": "absolute",
                "visibility": "hidden",
                "width": "0",
                "zIndex": "0",
              }
            }
          >
            <defs>
              <linearGradient
                id="starGrad000000000000000"
                x1="0%"
                x2="100%"
                y1="0%"
                y2="0%"
              >
                <stop
                  className="stop-color-first"
                  offset="0%"
                  style={
                    Object {
                      "stopColor": "#0071CE",
                      "stopOpacity": "1",
                    }
                  }
                />
                <stop
                  className="stop-color-first"
                  offset="0%"
                  style={
                    Object {
                      "stopColor": "#0071CE",
                      "stopOpacity": "1",
                    }
                  }
                />
                <stop
                  className="stop-color-final"
                  offset="0%"
                  style={
                    Object {
                      "stopColor": "#E1E1E2",
                      "stopOpacity": "1",
                    }
                  }
                />
                <stop
                  className="stop-color-final"
                  offset="100%"
                  style={
                    Object {
                      "stopColor": "#E1E1E2",
                      "stopOpacity": "1",
                    }
                  }
                />
              </linearGradient>
            </defs>
          </svg>
          <div
            className="star-container"
            onClick={null}
            onMouseEnter={null}
            onMouseLeave={null}
            style={
              Object {
                "cursor": undefined,
                "display": "inline-block",
                "paddingLeft": undefined,
                "paddingRight": "0px",
                "position": "relative",
                "verticalAlign": "middle",
              }
            }
          >
            <svg
              className="widget-svg"
              style={
                Object {
                  "height": "23px",
                  "transform": undefined,
                  "transition": "transform .2s ease-in-out",
                  "width": "23px",
                }
              }
              viewBox="0 0 51 48"
            >
              <path
                className="star"
                d="m25,1 6,17h18l-14,11 5,17-15-10-15,10 5-17-14-11h18z"
                style={
                  Object {
                    "fill": "#E1E1E2",
                    "transition": "fill .2s ease-in-out",
                  }
                }
              />
            </svg>
          </div>
          <div
            className="star-container"
            onClick={null}
            onMouseEnter={null}
            onMouseLeave={null}
            style={
              Object {
                "cursor": undefined,
                "display": "inline-block",
                "paddingLeft": "0px",
                "paddingRight": "0px",
                "position": "relative",
                "verticalAlign": "middle",
              }
            }
          >
            <svg
              className="widget-svg"
              style={
                Object {
                  "height": "23px",
                  "transform": undefined,
                  "transition": "transform .2s ease-in-out",
                  "width": "23px",
                }
              }
              viewBox="0 0 51 48"
            >
              <path
                className="star"
                d="m25,1 6,17h18l-14,11 5,17-15-10-15,10 5-17-14-11h18z"
                style={
                  Object {
                    "fill": "#E1E1E2",
                    "transition": "fill .2s ease-in-out",
                  }
                }
              />
            </svg>
          </div>
          <div
            className="star-container"
            onClick={null}
            onMouseEnter={null}
            onMouseLeave={null}
            style={
              Object {
                "cursor": undefined,
                "display": "inline-block",
                "paddingLeft": "0px",
                "paddingRight": "0px",
                "position": "relative",
                "verticalAlign": "middle",
              }
            }
          >
            <svg
              className="widget-svg"
              style={
                Object {
                  "height": "23px",
                  "transform": undefined,
                  "transition": "transform .2s ease-in-out",
                  "width": "23px",
                }
              }
              viewBox="0 0 51 48"
            >
              <path
                className="star"
                d="m25,1 6,17h18l-14,11 5,17-15-10-15,10 5-17-14-11h18z"
                style={
                  Object {
                    "fill": "#E1E1E2",
                    "transition": "fill .2s ease-in-out",
                  }
                }
              />
            </svg>
          </div>
          <div
            className="star-container"
            onClick={null}
            onMouseEnter={null}
            onMouseLeave={null}
            style={
              Object {
                "cursor": undefined,
                "display": "inline-block",
                "paddingLeft": "0px",
                "paddingRight": "0px",
                "position": "relative",
                "verticalAlign": "middle",
              }
            }
          >
            <svg
              className="widget-svg"
              style={
                Object {
                  "height": "23px",
                  "transform": undefined,
                  "transition": "transform .2s ease-in-out",
                  "width": "23px",
                }
              }
              viewBox="0 0 51 48"
            >
              <path
                className="star"
                d="m25,1 6,17h18l-14,11 5,17-15-10-15,10 5-17-14-11h18z"
                style={
                  Object {
                    "fill": "#E1E1E2",
                    "transition": "fill .2s ease-in-out",
                  }
                }
              />
            </svg>
          </div>
          <div
            className="star-container"
            onClick={null}
            onMouseEnter={null}
            onMouseLeave={null}
            style={
              Object {
                "cursor": undefined,
                "display": "inline-block",
                "paddingLeft": "0px",
                "paddingRight": undefined,
                "position": "relative",
                "verticalAlign": "middle",
              }
            }
          >
            <svg
              className="widget-svg"
              style={
                Object {
                  "height": "23px",
                  "transform": undefined,
                  "transition": "transform .2s ease-in-out",
                  "width": "23px",
                }
              }
              viewBox="0 0 51 48"
            >
              <path
                className="star"
                d="m25,1 6,17h18l-14,11 5,17-15-10-15,10 5-17-14-11h18z"
                style={
                  Object {
                    "fill": "#E1E1E2",
                    "transition": "fill .2s ease-in-out",
                  }
                }
              />
            </svg>
          </div>
        </div>
      </div>
      <h3
        className="c6"
        content={0}
      >
        0 reviews
      </h3>
    </div>
    <div
      className="c7"
    >
      <h3
        className="c8"
      >
        5 star
      </h3>
      <div
        className="c9"
      >
        <div
          className="c10"
          max={0}
          value={0}
        />
      </div>
      <h3
        className="c8"
      >
        0%
      </h3>
    </div>
    <div
      className="c7"
    >
      <h3
        className="c8"
      >
        4 star
      </h3>
      <div
        className="c9"
      >
        <div
          className="c10"
          max={0}
          value={0}
        />
      </div>
      <h3
        className="c8"
      >
        0%
      </h3>
    </div>
    <div
      className="c7"
    >
      <h3
        className="c8"
      >
        3 star
      </h3>
      <div
        className="c9"
      >
        <div
          className="c10"
          max={0}
          value={0}
        />
      </div>
      <h3
        className="c8"
      >
        0%
      </h3>
    </div>
    <div
      className="c7"
    >
      <h3
        className="c8"
      >
        2 star
      </h3>
      <div
        className="c9"
      >
        <div
          className="c10"
          max={0}
          value={0}
        />
      </div>
      <h3
        className="c8"
      >
        0%
      </h3>
    </div>
    <div
      className="c7"
    >
      <h3
        className="c8"
      >
        1 star
      </h3>
      <div
        className="c9"
      >
        <div
          className="c10"
          max={0}
          value={0}
        />
      </div>
      <h3
        className="c8"
      >
        0%
      </h3>
    </div>
    <div
      className="c11"
    >
      <a
        className="css-tjtcz4"
        href="/User/Reviews/IF145-002-4"
        onClick={[Function]}
        tabIndex={0}
      >
        <span
          className="css-57kgtb"
        >
          <span
            className="css-tz46pd"
          >
            Write a product review
          </span>
        </span>
      </a>
    </div>
  </div>
  <div
    className="c12"
  >
    <h3
      className=""
    >
      No comments to show yet
    </h3>
  </div>
</div>
`;
